// Jest Snapshot v1, https://goo.gl/fbAQLP

exports[`<Done /> container renders the success content as expected 1`] = `
<div
  className="form-success"
>
  <p>
    Please verify your email address, you should have received an email from us already!
  </p>
</div>
`;
