// Jest Snapshot v1, https://goo.gl/fbAQLP

exports[`it resets the stage correctly 1`] = `
Object {
  "isSubmitted": false,
  "receive_communication": false,
  "receive_updates": true,
}
`;

exports[`it returns the default state when nothing provided 1`] = `Object {}`;

exports[`it updates the privacy form fields correctly 1`] = `
Object {
  "0": Object {
    "defaultChecked": true,
    "message": "Receive Updates about Tray.io products by email",
    "name": "receive_updates",
  },
  "1": Object {
    "message": "Receive communication by email for other products created by the Tray.io team Receive communication by email for other products created by the Tray.io team Receive communication by email for other products created by the Tray.io team",
    "name": "receive_communication",
  },
  "isSubmitted": true,
}
`;
